// Jest Snapshot v1, https://goo.gl/fbAQLP

exports[`Hooks|Popover Default 1`] = `
<div
  className="container comfortable"
>
  <div
    className="container comfortable"
  >
    <button
      className="container contained primary comfortable"
      disabled={false}
      onClick={[Function]}
      onClickCapture={[Function]}
      onMouseDown={[Function]}
      onMouseUp={[Function]}
      type="button"
    >
      <span
        className="button"
      >
        Click for popover
      </span>
    </button>
  </div>
  <div
    className="overlay"
  />
  <div
    className="snacks"
  />
  <div
    className="dialog"
  />
</div>
`;
