// Jest Snapshot v1, https://goo.gl/fbAQLP

exports[`Data|Data Table Default 1`] = `
<div
  className="container comfortable"
>
  <div
    className="container comfortable"
  >
    <div
      className="container comfortable"
    />
  </div>
  <div
    className="overlay"
  />
  <div
    className="snacks"
  />
  <div
    className="dialog"
  />
</div>
`;

exports[`Data|Data Table Multi selectable 1`] = `
<div
  className="container comfortable"
>
  <div
    className="container comfortable"
  >
    <div
      className="container comfortable"
    />
  </div>
  <div
    className="overlay"
  />
  <div
    className="snacks"
  />
  <div
    className="dialog"
  />
</div>
`;

exports[`Data|Data Table No Columns Collapse 1`] = `
<div
  className="container comfortable"
>
  <div
    className="container comfortable"
  >
    <div
      className="container comfortable"
    />
  </div>
  <div
    className="overlay"
  />
  <div
    className="snacks"
  />
  <div
    className="dialog"
  />
</div>
`;

exports[`Data|Data Table Single selectable 1`] = `
<div
  className="container comfortable"
>
  <div
    className="container comfortable"
  >
    <div
      className="container comfortable"
    />
  </div>
  <div
    className="overlay"
  />
  <div
    className="snacks"
  />
  <div
    className="dialog"
  />
</div>
`;

exports[`Data|Data Table With skeleton 1`] = `
<div
  className="container comfortable"
>
  <div
    className="container comfortable"
  >
    <div
      className="container comfortable"
    />
  </div>
  <div
    className="overlay"
  />
  <div
    className="snacks"
  />
  <div
    className="dialog"
  />
</div>
`;
