// Jest Snapshot v1, https://goo.gl/fbAQLP

exports[`People|PersonDetails Default 1`] = `
<div
  className="container comfortable"
>
  <div
    className="container comfortable"
  >
    <div
      style={
        Object {
          "padding": "16px",
        }
      }
    />
  </div>
  <div
    className="overlay"
  />
  <div
    className="snacks"
  />
  <div
    className="dialog"
  />
</div>
`;
